1-800-FLOWERS.COM
3M
7-Eleven
ABC
Abbott Laboratories
Accenture
ACME Communications
Adidas
AdSpace Networks
Aflac
Air Tahiti Nui
Albemarle
Alcoa
Allergan
Alliant Techsystems
Allstate
Alticor (Amway)
Altria Group
AMECO
American Airlines
American Express
American International Group
American Water
Amgen
Anheuser-Busch
AOL
America Online
ARAMARK
Archer Daniels Midland
Armor Holdings, Inc.
AstraZeneca
AT&T
AutoZone
Avon
Bacardi
BAE Systems
Bain Capital
Bank of America Corp.
Bank of New York
Barrick Gold Corporation
Baxter International
Bayer
Bear, Stearns & Co., Inc.
Bechtel Group, Inc.
Belo Corporation
Bertelsmann AG
Best Buy
BHP Billiton
Bin Laden Group
Bioibérica
BioPort Corporation
Blackstone Group
Blackwater USA
Boeing
BP
Brillstein Security Group
Brinker International
Chili 's Grill & Bar
Bristol-Myers Squibb
British Airways
British American Tobacco
Brown Brothers and Company
Burger King
Cable News Network
CNN
Cadillac
Cameco Corporation
Campbell Soup
CanWest Global Communications Corp.
Capital One
Cargill
Carlyle Group
Caterpillar
CBS
Charles Schwab
ChevronTexaco
Chiquita Brands International, Inc.
CIGNA
Circuit City
Clear Channel Communications
Clorox
Coca-Cola Company
Coeur d'Alene Mines Corporation
Comcast Corporation
CompUSA
Computer Sciences Corporation
ConAgra
ConocoPhillips
Constella Group
Corrections Corporation of America
Credit Suisse Group
Cubic Corporation
CVS Caremark
DaimlerChrysler
Darden Restaurants
Olive Garden, Red Lobster
Dean Foods Company
Dell
Delta Air Lines
Diageo
Diebold Election Systems
Diebold Inc.
DIRECTV
Dole
Domino 's Pizza
Dow Chemical Company
Dow Jones & Company
Duke Energy
DuPont
DynCorp
Eastman Kodak Co.
Kodak
EchoStar
Electronic Data Systems
EDS
Eli Lilly and Company
ENRON Corporation
Enterprise Rent-A-Car
Ernst & Young
EUBSA BV Inc.
Expedia
ExxonMobil
FedEx
Fidelity Investments
Fifth Third Bank
Fisher-Price
Ford
Fortune Brands
Freeport-McMoRan Copper & Gold
G4S
Gannett
Garda World Security Corporation
Gelmart Industries Inc.
General Dynamics
General Electric
General Mills
General Motors Corporation
Gentiva Health Services
Gilead Sciences
GlaxoSmithKline
Global Crossing Development Corporation
Golan Group
Goldman Sachs
Goodyear
Google
Granite Broadcasting Corporation
Greystone, Ltd.
Gulf Oil
Gunns
H&M Hennes & Mauritz AB
Halliburton Company
Hallmark Cards
Hasbro
HCA
HealthSouth
Heineken
Heinz
Hewlett-Packard Company
Hilton Hotels
Hollinger Inc.
Hollinger International Inc.
Home Depot
Homeland Security Corporation
Honeywell
Huntingdon Life Sciences
IAC/InterActiveCorp
IBM
Inditex
Intel
International Paper
Jackson Hewitt
J. C. Penney
Johnson & Johnson
JPMorgan Chase
Karl Rove & Company
Kellogg Brown and Root
Kellogg Company
Kelly Services
Kimberly-Clark
Kindred Healthcare
KKR
Koch Industries
KPMG
Kraft
Kroger
Kroll, Inc.
L-3 Communications Holdings, Inc.
Lamar Advertising
Las Vegas Sands
Lehman Brothers
Leiner Health Products
Liberty Corporation
Limited Brands
Liz Claiborne Inc
Lockheed Martin
Macy 's
Manpower
ManTech International Corporation
Marathon
Marriott
Mars
Masco
MasterCard
Match.com
Matrixx Initiatives
McDonald 's
The McGraw-Hill Companies
Merck
Merrill Lynch
Metal Storm Limited
MGM Mirage
Microsoft
Molson Coors
Monsanto
Morgan Stanley
Motorola
MSNBC
MVM, Inc.
Namco
National City
NBC
Nestlé
NetTrekker
The New York Times Company
Newmont Mining Corporation
News Corporation
Nexstar Broadcasting
Nike
Nippon Oil Corporation
Northrop Grumman
Northwest Airlines
Novartis
Office Depot
Oracle Corporation
OSI Restaurant Partners
Outback Steakhouse
Panasonic
PepsiCo
Pfizer Inc
PricewaterhouseCoopers
Primedia
Procter & Gamble
Prudential Financial
Quest Diagnostics
Qwest Communications
RadioShack
Raytheon
Reed Elsevier
Rite Aid Drugs
R.J. Reynolds Tobacco Company
Roche
Royal Caribbean Cruises
SABMiller
Safeway
Sallie Mae
Sandals Resorts
Sanofi-Aventis
S.C. Johnson & Son
Schering-Plough
Scholastic
Science Applications International Corporation
Securitas
Sequoia Voting Systems
The Shaw Group, Inc.
Shell
Sherwin-Williams
Siemens AG - often referred to as Siemens
Sierra Pacific Industries
Smithfield Foods
Solvay
Special Operations Consulting-Security Management Group
Sprint Nextel
Standard Oil
Staples
Starbucks
Starwood Hotels
State Farm
Stiefel Laboratories
Subway
Sunoco
SunTrust Bank
SUPERVALU
Synova Healthcare Group
Taco Bell
Target
Techno Source
Tenix
Tesco
Texas Instruments Inc.
Time Warner
TJX
Torchmark Corporation
Toshiba
Total Intelligence Solutions, LLC
Towers Perrin
Trend Micro
Tribune Company
TXU
Tyco International Ltd.
Tyson Foods
U.S. Bancorp
Unisys
United Airlines
United Parcel Service
United Technologies Corporation
UnitedHealth Group
Unocal
Valero
VaxGen
Verizon Communications
Viacom
Victoria 's Secret
Viking River Cruises
Vinnell Corporation
Wachovia
Wackenhut
Wal-Mart Stores
Walgreen
The Walt Disney Company
Washington Post
WellPoint
Wells Fargo
Wendy 's
Westinghouse Electric Corporation
Weyerhaeuser
Whirlpool
Wyeth
YukosSibneft Oil Company
YUM! Brands
